Archive member included to satisfy reference by file (symbol)

c:/program files (x86)/atmel/studio/7.0/toolchain/avr8/avr8-gnu-toolchain/bin/../lib/gcc/avr/4.9.2/../../../../avr/lib/avrxmega6\libm.a(addsf3.o)
                              src/firefly_sync.o (__subsf3)
c:/program files (x86)/atmel/studio/7.0/toolchain/avr8/avr8-gnu-toolchain/bin/../lib/gcc/avr/4.9.2/../../../../avr/lib/avrxmega6\libm.a(addsf3x.o)
                              c:/program files (x86)/atmel/studio/7.0/toolchain/avr8/avr8-gnu-toolchain/bin/../lib/gcc/avr/4.9.2/../../../../avr/lib/avrxmega6\libm.a(addsf3.o) (__addsf3x)
c:/program files (x86)/atmel/studio/7.0/toolchain/avr8/avr8-gnu-toolchain/bin/../lib/gcc/avr/4.9.2/../../../../avr/lib/avrxmega6\libm.a(atan2.o)
                              src/range_algs.o (atan2)
c:/program files (x86)/atmel/studio/7.0/toolchain/avr8/avr8-gnu-toolchain/bin/../lib/gcc/avr/4.9.2/../../../../avr/lib/avrxmega6\libm.a(atan.o)
                              c:/program files (x86)/atmel/studio/7.0/toolchain/avr8/avr8-gnu-toolchain/bin/../lib/gcc/avr/4.9.2/../../../../avr/lib/avrxmega6\libm.a(atan2.o) (atan)
c:/program files (x86)/atmel/studio/7.0/toolchain/avr8/avr8-gnu-toolchain/bin/../lib/gcc/avr/4.9.2/../../../../avr/lib/avrxmega6\libm.a(ceil.o)
                              src/range_algs.o (ceil)
c:/program files (x86)/atmel/studio/7.0/toolchain/avr8/avr8-gnu-toolchain/bin/../lib/gcc/avr/4.9.2/../../../../avr/lib/avrxmega6\libm.a(cmpsf2.o)
                              src/range_algs.o (__eqsf2)
c:/program files (x86)/atmel/studio/7.0/toolchain/avr8/avr8-gnu-toolchain/bin/../lib/gcc/avr/4.9.2/../../../../avr/lib/avrxmega6\libm.a(cos.o)
                              src/range_algs.o (cos)
c:/program files (x86)/atmel/studio/7.0/toolchain/avr8/avr8-gnu-toolchain/bin/../lib/gcc/avr/4.9.2/../../../../avr/lib/avrxmega6\libm.a(divsf3.o)
                              src/firefly_sync.o (__divsf3)
c:/program files (x86)/atmel/studio/7.0/toolchain/avr8/avr8-gnu-toolchain/bin/../lib/gcc/avr/4.9.2/../../../../avr/lib/avrxmega6\libm.a(divsf3x.o)
                              c:/program files (x86)/atmel/studio/7.0/toolchain/avr8/avr8-gnu-toolchain/bin/../lib/gcc/avr/4.9.2/../../../../avr/lib/avrxmega6\libm.a(divsf3.o) (__divsf3x)
c:/program files (x86)/atmel/studio/7.0/toolchain/avr8/avr8-gnu-toolchain/bin/../lib/gcc/avr/4.9.2/../../../../avr/lib/avrxmega6\libm.a(fixsfsi.o)
                              src/range_algs.o (__fixsfsi)
c:/program files (x86)/atmel/studio/7.0/toolchain/avr8/avr8-gnu-toolchain/bin/../lib/gcc/avr/4.9.2/../../../../avr/lib/avrxmega6\libm.a(fixunssfsi.o)
                              src/firefly_sync.o (__fixunssfsi)
c:/program files (x86)/atmel/studio/7.0/toolchain/avr8/avr8-gnu-toolchain/bin/../lib/gcc/avr/4.9.2/../../../../avr/lib/avrxmega6\libm.a(floatsisf.o)
                              src/firefly_sync.o (__floatunsisf)
c:/program files (x86)/atmel/studio/7.0/toolchain/avr8/avr8-gnu-toolchain/bin/../lib/gcc/avr/4.9.2/../../../../avr/lib/avrxmega6\libm.a(fmod.o)
                              src/ir_comm.o (fmod)
c:/program files (x86)/atmel/studio/7.0/toolchain/avr8/avr8-gnu-toolchain/bin/../lib/gcc/avr/4.9.2/../../../../avr/lib/avrxmega6\libm.a(fp_cmp.o)
                              c:/program files (x86)/atmel/studio/7.0/toolchain/avr8/avr8-gnu-toolchain/bin/../lib/gcc/avr/4.9.2/../../../../avr/lib/avrxmega6\libm.a(cmpsf2.o) (__fp_cmp)
c:/program files (x86)/atmel/studio/7.0/toolchain/avr8/avr8-gnu-toolchain/bin/../lib/gcc/avr/4.9.2/../../../../avr/lib/avrxmega6\libm.a(fp_inf.o)
                              c:/program files (x86)/atmel/studio/7.0/toolchain/avr8/avr8-gnu-toolchain/bin/../lib/gcc/avr/4.9.2/../../../../avr/lib/avrxmega6\libm.a(addsf3x.o) (__fp_inf)
c:/program files (x86)/atmel/studio/7.0/toolchain/avr8/avr8-gnu-toolchain/bin/../lib/gcc/avr/4.9.2/../../../../avr/lib/avrxmega6\libm.a(fp_mintl.o)
                              c:/program files (x86)/atmel/studio/7.0/toolchain/avr8/avr8-gnu-toolchain/bin/../lib/gcc/avr/4.9.2/../../../../avr/lib/avrxmega6\libm.a(ceil.o) (__fp_mintl)
c:/program files (x86)/atmel/studio/7.0/toolchain/avr8/avr8-gnu-toolchain/bin/../lib/gcc/avr/4.9.2/../../../../avr/lib/avrxmega6\libm.a(fp_mpack.o)
                              c:/program files (x86)/atmel/studio/7.0/toolchain/avr8/avr8-gnu-toolchain/bin/../lib/gcc/avr/4.9.2/../../../../avr/lib/avrxmega6\libm.a(ceil.o) (__fp_mpack)
c:/program files (x86)/atmel/studio/7.0/toolchain/avr8/avr8-gnu-toolchain/bin/../lib/gcc/avr/4.9.2/../../../../avr/lib/avrxmega6\libm.a(fp_nan.o)
                              c:/program files (x86)/atmel/studio/7.0/toolchain/avr8/avr8-gnu-toolchain/bin/../lib/gcc/avr/4.9.2/../../../../avr/lib/avrxmega6\libm.a(addsf3x.o) (__fp_nan)
c:/program files (x86)/atmel/studio/7.0/toolchain/avr8/avr8-gnu-toolchain/bin/../lib/gcc/avr/4.9.2/../../../../avr/lib/avrxmega6\libm.a(fp_powser.o)
[...]
Memory Configuration

Name             Origin             Length             Attributes
text             0x00000000         0x00100000         xr
data             0x00802000         0x0000ffa0         rw !x
eeprom           0x00810000         0x00010000         rw !x
fuse             0x00820000         0x00000400         rw !x
lock             0x00830000         0x00000400         rw !x
signature        0x00840000         0x00000400         rw !x
user_signatures  0x00850000         0x00000400         rw !x
*default*        0x00000000         0xffffffff

Linker script and memory map

LOAD C:/Program Files (x86)/Atmel/Studio/7.0/Packs/atmel/XMEGAA_DFP/1.0.39/gcc/dev/atxmega128a3u/avrxmega6/crtatxmega128a3u.o
LOAD src/droplet_init.o
LOAD src/ecc.o
LOAD src/eeprom_driver.o
LOAD src/firefly_sync.o
LOAD src/flash_api.o
LOAD src/flash_api_asm.o
LOAD src/i2c.o
LOAD src/ir_comm.o
LOAD src/ir_led.o
LOAD src/ir_sensor.o
LOAD src/mic.o
LOAD src/motor.o
LOAD src/pc_comm.o
LOAD src/power.o
LOAD src/random.o
LOAD src/range_algs.o
LOAD src/rgb_led.o
LOAD src/rgb_sensor.o
LOAD src/scheduler.o
LOAD src/scheduler_asm.o
LOAD src/serial_handler.o
LOAD src/speaker.o
LOAD src/sp_driver.o
LOAD user_template.o
LOAD src/xboot.o
LOAD src/xbootapi.o
START GROUP
LOAD c:/program files (x86)/atmel/studio/7.0/toolchain/avr8/avr8-gnu-toolchain/bin/../lib/gcc/avr/4.9.2/../../../../avr/lib/avrxmega6\libm.a
END GROUP
Address of section .BOOT set to 0x20000
Address of section .bootloader set to 0x21e00
LOAD c:/program files (x86)/atmel/studio/7.0/toolchain/avr8/avr8-gnu-toolchain/bin/../lib/gcc/avr/4.9.2/../../../../avr/lib/avrxmega6\libprintf_flt.a
START GROUP
LOAD c:/program files (x86)/atmel/studio/7.0/toolchain/avr8/avr8-gnu-toolchain/bin/../lib/gcc/avr/4.9.2/avrxmega6\libgcc.a
LOAD c:/program files (x86)/atmel/studio/7.0/toolchain/avr8/avr8-gnu-toolchain/bin/../lib/gcc/avr/4.9.2/../../../../avr/lib/avrxmega6\libm.a
LOAD c:/program files (x86)/atmel/studio/7.0/toolchain/avr8/avr8-gnu-toolchain/bin/../lib/gcc/avr/4.9.2/../../../../avr/lib/avrxmega6\libc.a
LOAD C:/Program Files (x86)/Atmel/Studio/7.0/Packs/atmel/XMEGAA_DFP/1.0.39/gcc/dev/atxmega128a3u/avrxmega6\libatxmega128a3u.a
END GROUP
                0x00100000                __TEXT_REGION_LENGTH__ = DEFINED (__TEXT_REGION_LENGTH__)?__TEXT_REGION_LENGTH__:0x100000
                0x0000ffa0                __DATA_REGION_LENGTH__ = DEFINED (__DATA_REGION_LENGTH__)?__DATA_REGION_LENGTH__:0xffa0
                0x00010000                __EEPROM_REGION_LENGTH__ = DEFINED (__EEPROM_REGION_LENGTH__)?__EEPROM_REGION_LENGTH__:0x10000
                0x00000400                __FUSE_REGION_LENGTH__ = DEFINED (__FUSE_REGION_LENGTH__)?__FUSE_REGION_LENGTH__:0x400
                0x00000400                __LOCK_REGION_LENGTH__ = DEFINED (__LOCK_REGION_LENGTH__)?__LOCK_REGION_LENGTH__:0x400
                0x00000400                __SIGNATURE_REGION_LENGTH__ = DEFINED (__SIGNATURE_REGION_LENGTH__)?__SIGNATURE_REGION_LENGTH__:0x400
                0x00000400                __USER_SIGNATURE_REGION_LENGTH__ = DEFINED (__USER_SIGNATURE_REGION_LENGTH__)?__USER_SIGNATURE_REGION_LENGTH__:0x400

.hash
 *(.hash)

.dynsym
 *(.dynsym)

.dynstr
 *(.dynstr)

.gnu.version
 *(.gnu.version)

.gnu.version_d
 *(.gnu.version_d)

.gnu.version_r
 *(.gnu.version_r)

.rel.init
 *(.rel.init)

.rela.init
 *(.rela.init)

.rel.text
 *(.rel.text)
 *(.rel.text.*)
 *(.rel.gnu.linkonce.t*)

.rela.text
 *(.rela.text)
 *(.rela.text.*)
 *(.rela.gnu.linkonce.t*)

.rel.fini
 *(.rel.fini)

.rela.fini
 *(.rela.fini)

.rel.rodata
 *(.rel.rodata)
 *(.rel.rodata.*)
 *(.rel.gnu.linkonce.r*)

.rela.rodata
 *(.rela.rodata)
 *(.rela.rodata.*)
 *(.rela.gnu.linkonce.r*)

.rel.data
 *(.rel.data)
 *(.rel.data.*)
 *(.rel.gnu.linkonce.d*)

.rela.data
 *(.rela.data)
 *(.rela.data.*)
 *(.rela.gnu.linkonce.d*)

.rel.ctors
 *(.rel.ctors)

.rela.ctors
 *(.rela.ctors)

.rel.dtors
 *(.rel.dtors)

.rela.dtors
 *(.rela.dtors)

.rel.got
 *(.rel.got)

.rela.got
 *(.rela.got)

.rel.bss
 *(.rel.bss)

.rela.bss
 *(.rela.bss)

.rel.plt
 *(.rel.plt)

.rela.plt
 *(.rela.plt)

.text           0x00000000     0xab6e
 *(.vectors)
 .vectors       0x00000000      0x1fc C:/Program Files (x86)/Atmel/Studio/7.0/Packs/atmel/XMEGAA_DFP/1.0.39/gcc/dev/atxmega128a3u/avrxmega6/crtatxmega128a3u.o
                0x00000000                __vector_default
                0x00000000                __vectors
 *(.vectors)
 *(.progmem.gcc*)
 .progmem.gcc_sw_table.ir_receive
                0x000001fc       0x10 src/ir_comm.o
 .progmem.gcc_sw_table.ir_transmit
                0x0000020c       0x10 src/ir_comm.o
 .progmem.gcc_fplib
                0x0000021c       0x2d c:/program files (x86)/atmel/studio/7.0/toolchain/avr8/avr8-gnu-toolchain/bin/../lib/gcc/avr/4.9.2/../../../../avr/lib/avrxmega6\libm.a(atan.o)
 .progmem.gcc_fplib
                0x00000249       0x1e c:/program files (x86)/atmel/studio/7.0/toolchain/avr8/avr8-gnu-toolchain/bin/../lib/gcc/avr/4.9.2/../../../../avr/lib/avrxmega6\libm.a(fp_sinus.o)
 .progmem.gcc_fplib
                0x00000267       0x28 c:/program files (x86)/atmel/studio/7.0/toolchain/avr8/avr8-gnu-toolchain/bin/../lib/gcc/avr/4.9.2/../../../../avr/lib/avrxmega6\libm.a(exp.o)
 .progmem.gcc_fplib
                0x0000028f       0x5a c:/program files (x86)/atmel/studio/7.0/toolchain/avr8/avr8-gnu-toolchain/bin/../lib/gcc/avr/4.9.2/../../../../avr/lib/avrxmega6\libm.a(log.o)
                0x000002ea                . = ALIGN (0x2)
 *fill*         0x000002e9        0x1 
                0x000002ea                __trampolines_start = .
 *(.trampolines)
 .trampolines   0x000002ea       0x74 linker stubs
 *(.trampolines*)
                0x0000035e                __trampolines_end = .
 *(.progmem*)
 .progmem.data.__c.5247
                0x0000035e       0x28 src/droplet_init.o
 .progmem.data.__c.5243
                0x00000386       0x69 src/droplet_init.o
 .progmem.data.__c.5234
                0x000003ef       0x45 src/droplet_init.o
 .progmem.data.__c.4442
                0x00000434       0x15 src/i2c.o
 .progmem.data.__c.5325
                0x00000449       0x3c src/ir_comm.o
 .progmem.data.__c.5319
                0x00000485       0x22 src/ir_comm.o
 .progmem.data.__c.5293
                0x000004a7       0x29 src/ir_comm.o
 .progmem.data.__c.5279
                0x000004d0       0x30 src/ir_comm.o
 .progmem.data.__c.4459
                0x00000500       0x35 src/ir_led.o
 .progmem.data.TWI_TIMEOUT_STR
                0x00000535       0x25 src/ir_led.o
 .progmem.data.TWI_WAITING_STR
                0x0000055a       0x16 src/ir_led.o
 .progmem.data.__c.5337
                0x00000570        0xa src/motor.o
 .progmem.data.__c.5334
                0x0000057a       0x19 src/motor.o
 .progmem.data.__c.5321
                0x00000593        0xa src/motor.o
 .progmem.data.__c.5318
                0x0000059d        0xf src/motor.o
 .progmem.data.__c.5267
                0x000005ac       0x3e src/motor.o
 .progmem.data.__c.5253
                0x000005ea       0x3c src/motor.o
 .progmem.data.__c.5240
                0x00000626       0x43 src/pc_comm.o
 .progmem.data.__c.5562
                0x00000669       0x20 src/range_algs.o
 .progmem.data.__c.5488
                0x00000689       0x37 src/range_algs.o
 .progmem.data.__c.4534
                0x000006c0       0x3e src/scheduler.o
 .progmem.data.__c.4529
                0x000006fe       0x3d src/scheduler.o
 .progmem.data.__c.4515
                0x0000073b       0x3b src/scheduler.o
 .progmem.data.__c.4510
                0x00000776       0x39 src/scheduler.o
 .progmem.data.__c.4494
                0x000007af       0x3e src/scheduler.o
 .progmem.data.__c.4492
                0x000007ed       0x2b src/scheduler.o
 .progmem.data.__c.4467
                0x00000818       0x41 src/scheduler.o
 .progmem.data.__c.4465
                0x00000859       0x27 src/scheduler.o
 .progmem.data.__c.4445
                0x00000880       0x59 src/scheduler.o
 .progmem.data.__c.4443
                0x000008d9       0x68 src/scheduler.o
 .progmem.data.__c.4409
                0x00000941       0x85 src/scheduler.o
 .progmem.data.__c.4367
                0x000009c6       0x44 src/scheduler.o
 .progmem.data.__c.5421
                0x00000a0a       0x3d src/serial_handler.o
 .progmem.data.__c.5416
                0x00000a47       0x21 src/serial_handler.o
 .progmem.data.__c.5407
                0x00000a68       0x2c src/serial_handler.o
 .progmem.data.__c.5399
                0x00000a94       0x11 src/serial_handler.o
 .progmem.data.__c.5393
                0x00000aa5       0x2f src/serial_handler.o
 .progmem.data.__c.5391
                0x00000ad4       0x47 src/serial_handler.o
 .progmem.data.__c.5389
                0x00000b1b       0x44 src/serial_handler.o
 .progmem.data.__c.5387
                0x00000b5f       0x4b src/serial_handler.o
 .progmem.data.__c.5361
                0x00000baa       0x49 src/serial_handler.o
 .progmem.data.__c.5359
                0x00000bf3       0x25 src/serial_handler.o
 .progmem.data.__c.5357
                0x00000c18       0x26 src/serial_handler.o
 .progmem.data.__c.5355
                0x00000c3e       0x25 src/serial_handler.o
 .progmem.data.__c.5353
                0x00000c63       0x1c src/serial_handler.o
 .progmem.data.__c.5350
                0x00000c7f       0x25 src/serial_handler.o
 .progmem.data.__c.5340
                0x00000ca4       0x3e src/serial_handler.o
 .progmem.data.__c.5338
                0x00000ce2       0x25 src/serial_handler.o
 .progmem.data.__c.5336
                0x00000d07       0x26 src/serial_handler.o
 .progmem.data.__c.5334
                0x00000d2d       0x25 src/serial_handler.o
 .progmem.data.__c.5332
                0x00000d52       0x1c src/serial_handler.o
 .progmem.data.__c.5329
                0x00000d6e       0x25 src/serial_handler.o
 .progmem.data.__c.5311
                0x00000d93       0x19 src/serial_handler.o
 .progmem.data.__c.5297
                0x00000dac       0x22 src/serial_handler.o
 .progmem.data.__c.5280
                0x00000dce       0x15 src/serial_handler.o
 .progmem.data.__c.5278
                0x00000de3       0x15 src/serial_handler.o
 .progmem.data.__c.5276
                0x00000df8        0x6 src/serial_handler.o
 .progmem.data.__c.5274
                0x00000dfe        0x6 src/serial_handler.o
 .progmem.data.__c.5272
                0x00000e04        0x4 src/serial_handler.o
 .progmem.data.__c.5270
                0x00000e08        0x8 src/serial_handler.o
 .progmem.data.__c.5268
                0x00000e10        0x4 src/serial_handler.o
 .progmem.data.__c.5266
                0x00000e14        0x8 src/serial_handler.o
 .progmem.data.__c.5264
                0x00000e1c        0x4 src/serial_handler.o
 .progmem.data.__c.5262
                0x00000e20        0xd src/serial_handler.o
 .progmem.data.__c.5260
                0x00000e2d        0x7 src/serial_handler.o
 .progmem.data.__c.5258
                0x00000e34        0x8 src/serial_handler.o
 .progmem.data.__c.5256
                0x00000e3c        0x6 src/serial_handler.o
 .progmem.data.__c.5254
                0x00000e42       0x12 src/serial_handler.o
 .progmem.data.__c.5252
                0x00000e54        0xb src/serial_handler.o
 .progmem.data.__c.5250
                0x00000e5f        0xb src/serial_handler.o
 .progmem.data.__c.5248
                0x00000e6a        0xa src/serial_handler.o
 .progmem.data.__c.5246
                0x00000e74        0x5 src/serial_handler.o
 .progmem.data.__c.5244
                0x00000e79        0x7 src/serial_handler.o
 .progmem.data.__c.5242
                0x00000e80        0x8 src/serial_handler.o
 .progmem.data.__c.5240
                0x00000e88        0x5 src/serial_handler.o
 .progmem.data.__c.5238
                0x00000e8d        0xb src/serial_handler.o
 .progmem.data.CMD_NOT_RECOGNIZED_STR
                0x00000e98       0x22 src/serial_handler.o
 .progmem.data  0x00000eba        0x8 c:/program files (x86)/atmel/studio/7.0/toolchain/avr8/avr8-gnu-toolchain/bin/../lib/gcc/avr/4.9.2/../../../../avr/lib/avrxmega6\libprintf_flt.a(vfprintf_flt.o)
 .progmem.data  0x00000ec2       0xfa c:/program files (x86)/atmel/studio/7.0/toolchain/avr8/avr8-gnu-toolchain/bin/../lib/gcc/avr/4.9.2/../../../../avr/lib/avrxmega6\libc.a(ftoa_engine.o)
                0x00000fbc                . = ALIGN (0x2)
 *(.jumptables)
 *(.jumptables*)
 *(.lowtext)
 *(.lowtext*)
                0x00000fbc                __ctors_start = .
 *(.ctors)
                0x00000fbc                __ctors_end = .
                0x00000fbc                __dtors_start = .
 *(.dtors)
                0x00000fbc                __dtors_end = .
 SORT(*)(.ctors)
 SORT(*)(.dtors)
 *(.init0)
 .init0         0x00000fbc        0x0 C:/Program Files (x86)/Atmel/Studio/7.0/Packs/atmel/XMEGAA_DFP/1.0.39/gcc/dev/atxmega128a3u/avrxmega6/crtatxmega128a3u.o
                0x00000fbc                __init
 *(.init0)
 *(.init1)
 *(.init1)
 *(.init2)
 .init2         0x00000fbc       0x10 C:/Program Files (x86)/Atmel/Studio/7.0/Packs/atmel/XMEGAA_DFP/1.0.39/gcc/dev/atxmega128a3u/avrxmega6/crtatxmega128a3u.o
 *(.init2)
 *(.init3)
 *(.init3)
 *(.init4)
 .init4         0x00000fcc       0x1a c:/program files (x86)/atmel/studio/7.0/toolchain/avr8/avr8-gnu-toolchain/bin/../lib/gcc/avr/4.9.2/avrxmega6\libgcc.a(_copy_data.o)
                0x00000fcc                __do_copy_data
 .init4         0x00000fe6       0x10 c:/program files (x86)/atmel/studio/7.0/toolchain/avr8/avr8-gnu-toolchain/bin/../lib/gcc/avr/4.9.2/avrxmega6\libgcc.a(_clear_bss.o)
                0x00000fe6                __do_clear_bss
 *(.init4)
 *(.init5)
 *(.init5)
 *(.init6)
 *(.init6)
 *(.init7)
 *(.init7)
 *(.init8)
 *(.init8)
 *(.init9)
 .init9         0x00000ff6        0x8 C:/Program Files (x86)/Atmel/Studio/7.0/Packs/atmel/XMEGAA_DFP/1.0.39/gcc/dev/atxmega128a3u/avrxmega6/crtatxmega128a3u.o
 *(.init9)
 *(.text)
 .text          0x00000ffe        0x4 C:/Program Files (x86)/Atmel/Studio/7.0/Packs/atmel/XMEGAA_DFP/1.0.39/gcc/dev/atxmega128a3u/avrxmega6/crtatxmega128a3u.o
                0x00000ffe                __vector_38
                0x00000ffe                __vector_104
                0x00000ffe                __vector_22
                0x00000ffe                __vector_67
                0x00000ffe                __vector_1
                0x00000ffe                __vector_32
                0x00000ffe                __vector_75
                0x00000ffe                __vector_71
                0x00000ffe                __vector_34
                0x00000ffe                __vector_77
                0x00000ffe                __vector_102
                0x00000ffe                __vector_24
                0x00000ffe                __vector_12
                0x00000ffe                __vector_55
                0x00000ffe                __vector_69
                0x00000ffe                __vector_81
                0x00000ffe                __bad_interrupt
                0x00000ffe                __vector_122
                0x00000ffe                __vector_72
                0x00000ffe                __vector_114
                0x00000ffe                __vector_6
                0x00000ffe                __vector_110
                0x00000ffe                __vector_31
                0x00000ffe                __vector_92
                0x00000ffe                __vector_35
                0x00000ffe                __vector_78
                0x00000ffe                __vector_74
                0x00000ffe                __vector_117
                0x00000ffe                __vector_39
                0x00000ffe                __vector_107
                0x00000ffe                __vector_3
                0x00000ffe                __vector_105
                0x00000ffe                __vector_98
                0x00000ffe                __vector_23
                0x00000ffe                __vector_68
                0x00000ffe                __vector_73
                0x00000ffe                __vector_45
                0x00000ffe                __vector_93
                0x00000ffe                __vector_54
                0x00000ffe                __vector_99
                0x00000ffe                __vector_13
                0x00000ffe                __vector_17
                0x00000ffe                __vector_19
                0x00000ffe                __vector_56
                0x00000ffe                __vector_7
                0x00000ffe                __vector_125
                0x00000ffe                __vector_123
                0x00000ffe                __vector_41
                0x00000ffe                __vector_86
                0x00000ffe                __vector_100
                0x00000ffe                __vector_101
                0x00000ffe                __vector_64
                0x00000ffe                __vector_109
                0x00000ffe                __vector_43
                0x00000ffe                __vector_5
                0x00000ffe                __vector_113
                0x00000ffe                __vector_33
                0x00000ffe                __vector_76
                0x00000ffe                __vector_115
                0x00000ffe                __vector_52
                0x00000ffe                __vector_37
                0x00000ffe                __vector_95
                0x00000ffe                __vector_103
                0x00000ffe                __vector_96
                0x00000ffe                __vector_108
                0x00000ffe                __vector_4
                0x00000ffe                __vector_44
                0x00000ffe                __vector_82
                0x00000ffe                __vector_106
                0x00000ffe                __vector_118
                0x00000ffe                __vector_51
                0x00000ffe                __vector_9
                0x00000ffe                __vector_2
                0x00000ffe                __vector_21
                0x00000ffe                __vector_15
                0x00000ffe                __vector_66
                0x00000ffe                __vector_36
                0x00000ffe                __vector_79
                0x00000ffe                __vector_83
                0x00000ffe                __vector_40
                0x00000ffe                __vector_85
                0x00000ffe                __vector_94
                0x00000ffe                __vector_126
                0x00000ffe                __vector_8
                0x00000ffe                __vector_48
                0x00000ffe                __vector_124
                0x00000ffe                __vector_116
                0x00000ffe                __vector_112
                0x00000ffe                __vector_111
                0x00000ffe                __vector_80
                0x00000ffe                __vector_14
                0x00000ffe                __vector_84
                0x00000ffe                __vector_57
                0x00000ffe                __vector_53
                0x00000ffe                __vector_16
                0x00000ffe                __vector_18
                0x00000ffe                __vector_97
                0x00000ffe                __vector_20
                0x00000ffe                __vector_42
                0x00000ffe                __vector_87
                0x00000ffe                __vector_65
 .text          0x00001002       0x18 src/scheduler_asm.o
                0x00001002                get_time
 .text          0x0000101a      0x12a src/sp_driver.o
                0x0000101a                SP_ReadByte
                0x00001026                SP_ReadWord
                0x00001034                SP_ReadCalibrationByte
                0x00001038                SP_ReadUserSignatureByte
                0x0000103c                SP_ReadFuseByte
                0x00001052                SP_WriteLockBits
                0x0000105a                SP_ReadLockBits
                0x00001060                SP_EraseUserSignatureRow
                0x00001068                SP_WriteUserSignatureRow
                0x00001070                SP_EraseApplicationSection
                0x00001078                SP_EraseApplicationPage
                0x00001084                SP_LoadFlashWord
                0x0000108e                SP_ReadFlashPage
                0x000010b0                SP_WriteApplicationPage
                0x000010bc                SP_EraseWriteApplicationPage
                0x000010c8                SP_EraseFlashBuffer
                0x000010d0                SP_EraseBootPage
                0x000010dc                SP_WriteBootPage
                0x000010e8                SP_EraseWriteBootPage
                0x000010f4                SP_ApplicationCRC
                0x000010f8                SP_BootCRC
                0x000010fc                SP_LockSPM
                0x0000110a                SP_WaitForSPM
                0x00001144                . = ALIGN (0x2)
 *(.text.*)
 .text.check_messages
                0x00001144      0x14a src/droplet_init.o
                0x00001144                check_messages
 .text.calculate_id_number
                0x0000128e       0x9c src/droplet_init.o
                0x0000128e                calculate_id_number
 .text.enable_interrupts
                0x0000132a       0x20 src/droplet_init.o
                0x0000132a                enable_interrupts
 .text.startup_light_sequence
                0x0000134a       0xb0 src/droplet_init.o
                0x0000134a                startup_light_sequence
 .text.init_all_systems
                0x000013fa       0x4c src/droplet_init.o
                0x000013fa                init_all_systems
 .text.main     0x00001446       0x60 src/droplet_init.o
                0x00001446                main
 .text.droplet_reboot
                0x000014a6        0xc src/droplet_init.o
                0x000014a6                droplet_reboot
 .text.wait_for_nvm
                0x000014b2        0xc src/eeprom_driver.o
                0x000014b2                wait_for_nvm
 .text.flush_buffer
                0x000014be       0x24 src/eeprom_driver.o
                0x000014be                flush_buffer
 .text.EEPROM_read_byte
                0x000014e2       0x42 src/eeprom_driver.o
                0x000014e2                EEPROM_read_byte
 .text.EEPROM_write_byte
                0x00001524       0x3e src/eeprom_driver.o
                0x00001524                EEPROM_write_byte
 .text.processObsQueue
                0x00001562      0x10a src/firefly_sync.o
                0x00001562                processObsQueue
 .text.sendPing
                0x0000166c       0x24 src/firefly_sync.o
                0x0000166c                sendPing
 .text.__vector_49
                0x00001690       0x7c src/firefly_sync.o
                0x00001690                __vector_49
 .text.__vector_50
                0x0000170c       0x5c src/firefly_sync.o
                0x0000170c                __vector_50
 .text.updateRTC
                0x00001768       0xf8 src/firefly_sync.o
                0x00001768                updateRTC
 .text.__vector_47
                0x00001860       0xa4 src/firefly_sync.o
                0x00001860                __vector_47
 .text.writeRead
                0x00001904       0xc6 src/flash_api.o
                0x00001904                writeRead
 .text.TWI_MasterInit
                0x000019ca       0x3a src/i2c.o
                0x000019ca                TWI_MasterInit
 .text.i2c_init
                0x00001a04       0x2a src/i2c.o
                0x00001a04                i2c_init
 .text.TWI_MasterWriteRead
                0x00001a2e       0x9c src/i2c.o
                0x00001a2e                TWI_MasterWriteRead
 .text.TWI_MasterWrite
                0x00001aca        0x8 src/i2c.o
                0x00001aca                TWI_MasterWrite
 .text.TWI_MasterArbitrationLostBusErrorHandler
                0x00001ad2       0x2a src/i2c.o
                0x00001ad2                TWI_MasterArbitrationLostBusErrorHandler
 .text.TWI_MasterTransactionFinished
                0x00001afc        0xe src/i2c.o
                0x00001afc                TWI_MasterTransactionFinished
 .text.TWI_MasterWriteHandler
                0x00001b0a       0x6a src/i2c.o
                0x00001b0a                TWI_MasterWriteHandler
 .text.TWI_MasterReadHandler
                0x00001b74       0x68 src/i2c.o
                0x00001b74                TWI_MasterReadHandler
 .text.TWI_MasterInterruptHandler
                0x00001bdc       0x38 src/i2c.o
                0x00001bdc                TWI_MasterInterruptHandler
 .text.__vector_46
                0x00001c14       0x50 src/i2c.o
                0x00001c14                __vector_46
 .text.handle_cmd_wrapper
                0x00001c64       0x72 src/ir_comm.o
                0x00001c64                handle_cmd_wrapper
 .text.clear_ir_buffer
                0x00001cd6       0x42 src/ir_comm.o
                0x00001cd6                clear_ir_buffer
 .text.perform_ir_upkeep
                0x00001d18      0x274 src/ir_comm.o
                0x00001d18                perform_ir_upkeep
 .text.ir_comm_init
                0x00001f8c       0xd0 src/ir_comm.o
                0x00001f8c                ir_comm_init
 .text.send_msg
                0x0000205c      0x256 src/ir_comm.o
                0x0000205c                send_msg
 .text.hp_ir_targeted_cmd
                0x000022b2       0xde src/ir_comm.o
                0x000022b2                hp_ir_targeted_cmd
 .text.received_ir_cmd
                0x00002390       0xba src/ir_comm.o
                0x00002390                received_ir_cmd
 .text.received_ir_sync
                0x0000244a      0x122 src/ir_comm.o
                0x0000244a                received_ir_sync
 .text.received_rnb_r
                0x0000256c      0x10c src/ir_comm.o
                0x0000256c                received_rnb_r
 .text.ir_receive
                0x00002678      0x422 src/ir_comm.o
                0x00002678                ir_receive
 .text.ir_transmit
                0x00002a9a      0x1d8 src/ir_comm.o
                0x00002a9a                ir_transmit
 .text.ir_transmit_complete
                0x00002c72       0x84 src/ir_comm.o
                0x00002c72                ir_transmit_complete
 .text.ir_is_available
                0x00002cf6       0x40 src/ir_comm.o
                0x00002cf6                ir_is_available
 .text.ir_targeted_cmd
                0x00002d36      0x11a src/ir_comm.o
                0x00002d36                ir_targeted_cmd
 .text.ir_cmd   0x00002e50      0x106 src/ir_comm.o
                0x00002e50                ir_cmd
 .text.ir_targeted_send
                0x00002f56      0x100 src/ir_comm.o
                0x00002f56                ir_targeted_send
 .text.ir_send  0x00003056      0x10c src/ir_comm.o
                0x00003056                ir_send
 .text.__vector_25
                0x00003162       0x52 src/ir_comm.o
                0x00003162                __vector_25
 .text.__vector_27
                0x000031b4       0x52 src/ir_comm.o
                0x000031b4                __vector_27
 .text.__vector_26
                0x00003206       0x52 src/ir_comm.o
                0x00003206                __vector_26
 .text.__vector_28
                0x00003258       0x52 src/ir_comm.o
                0x00003258                __vector_28
 .text.__vector_30
                0x000032aa       0x52 src/ir_comm.o
                0x000032aa                __vector_30
 .text.__vector_29
                0x000032fc       0x52 src/ir_comm.o
                0x000032fc                __vector_29
 .text.__vector_88
                0x0000334e       0x52 src/ir_comm.o
                0x0000334e                __vector_88
 .text.__vector_90
                0x000033a0       0x52 src/ir_comm.o
                0x000033a0                __vector_90
 .text.__vector_89
                0x000033f2       0x52 src/ir_comm.o
                0x000033f2                __vector_89
 .text.__vector_58
                0x00003444       0x52 src/ir_comm.o
                0x00003444                __vector_58
 .text.__vector_60
                0x00003496       0x52 src/ir_comm.o
                0x00003496                __vector_60
 .text.__vector_59
                0x000034e8       0x52 src/ir_comm.o
                0x000034e8                __vector_59
 .text.__vector_61
                0x0000353a       0x52 src/ir_comm.o
                0x0000353a                __vector_61
 .text.__vector_63
                0x0000358c       0x52 src/ir_comm.o
                0x0000358c                __vector_63
 .text.__vector_62
                0x000035de       0x52 src/ir_comm.o
                0x000035de                __vector_62
 .text.__vector_119
                0x00003630       0x52 src/ir_comm.o
                0x00003630                __vector_119
 .text.__vector_121
                0x00003682       0x52 src/ir_comm.o
                0x00003682                __vector_121
 .text.__vector_120
                0x000036d4       0x52 src/ir_comm.o
                0x000036d4                __vector_120
 .text.ir_led_init
                0x00003726       0x7e src/ir_led.o
                0x00003726                ir_led_init
 .text.ir_led_on
                0x000037a4       0x7e src/ir_led.o
                0x000037a4                ir_led_on
 .text.ir_led_off
                0x00003822       0x66 src/ir_led.o
                0x00003822                ir_led_off
 .text.set_all_ir_powers
                0x00003888      0x2d4 src/ir_led.o
                0x00003888                set_all_ir_powers
 .text.ir_sensor_init
                0x00003b5c       0xa6 src/ir_sensor.o
                0x00003b5c                ir_sensor_init
 .text.meas_find_median
                0x00003c02       0xcc src/ir_sensor.o
                0x00003c02                meas_find_median
 .text.get_ir_sensors
                0x00003cce      0x1a0 src/ir_sensor.o
                0x00003cce                get_ir_sensors
 .text.initialize_ir_baselines
                0x00003e6e       0x70 src/ir_sensor.o
                0x00003e6e                initialize_ir_baselines
 .text.update_ir_baselines
                0x00003ede       0xb6 src/ir_sensor.o
                0x00003ede                update_ir_baselines
 .text.check_collisions
                0x00003f94      0x124 src/ir_sensor.o
                0x00003f94                check_collisions
 .text.stop_move
                0x000040b8       0x2a src/motor.o
                0x000040b8                stop_move
 .text.is_moving
                0x000040e2       0x14 src/motor.o
                0x000040e2                is_moving
 .text.move_steps
                0x000040f6      0x30a src/motor.o
                0x000040f6                move_steps
 .text.walk     0x00004400       0xdc src/motor.o
                0x00004400                walk
 .text.set_mm_per_kilostep
                0x000044dc       0x12 src/motor.o
                0x000044dc                set_mm_per_kilostep
 .text.read_motor_settings
                0x000044ee       0x9e src/motor.o
                0x000044ee                read_motor_settings
 .text.motor_init
                0x0000458c       0x72 src/motor.o
                0x0000458c                motor_init
 .text.write_motor_settings
                0x000045fe       0x9a src/motor.o
                0x000045fe                write_motor_settings
 .text.print_motor_values
                0x00004698       0xc2 src/motor.o
                0x00004698                print_motor_values
 .text.print_dist_per_step
                0x0000475a       0x6c src/motor.o
                0x0000475a                print_dist_per_step
 .text.pc_comm_putchar
                0x000047c6       0x14 src/pc_comm.o
                0x000047c6                pc_comm_putchar
 .text.pc_comm_init
                0x000047da       0x4a src/pc_comm.o
                0x000047da                pc_comm_init
 .text.handle_up_arrow
                0x00004824       0x52 src/pc_comm.o
                0x00004824                handle_up_arrow
 .text.handle_serial_input
                0x00004876       0xf2 src/pc_comm.o
                0x00004876                handle_serial_input
 .text.__vector_91
                0x00004968       0x50 src/pc_comm.o
                0x00004968                __vector_91
 .text.cap_monitor_init
                0x000049b8       0x1c src/power.o
                0x000049b8                cap_monitor_init
 .text.leg_monitor_init
                0x000049d4       0x2a src/power.o
                0x000049d4                leg_monitor_init
 .text.power_init
                0x000049fe        0xa src/power.o
                0x000049fe                power_init
 .text.leg_status
                0x00004a08       0x88 src/power.o
                0x00004a08                leg_status
 .text.leg_float
                0x00004a90       0x34 src/power.o
                0x00004a90                leg_float
 .text.__vector_70
                0x00004ac4      0x1e4 src/power.o
                0x00004ac4                __vector_70
 .text.random_init
                0x00004ca8       0x7c src/random.o
                0x00004ca8                random_init
 .text.rand_byte
                0x00004d24       0x4e src/random.o
                0x00004d24                rand_byte
 .text.rand_short
                0x00004d72       0x1e src/random.o
                0x00004d72                rand_short
 .text.range_algs_init
                0x00004d90       0x46 src/range_algs.o
                0x00004d90                range_algs_init
 .text.expected_bright_mat
                0x00004dd6      0x28e src/range_algs.o
                0x00004dd6                expected_bright_mat
 .text.calculate_innovation
                0x00005064      0x372 src/range_algs.o
                0x00005064                calculate_innovation
 .text.calculate_bearing_and_heading
                0x000053d6      0x1f4 src/range_algs.o
                0x000053d6                calculate_bearing_and_heading
 .text.processBrightMeas
                0x000055ca      0x226 src/range_algs.o
                0x000055ca                processBrightMeas
 .text.ir_range_meas
                0x000057f0       0xde src/range_algs.o
                0x000057f0                ir_range_meas
 .text.ir_range_blast
                0x000058ce       0xac src/range_algs.o
                0x000058ce                ir_range_blast
 .text.broadcast_rnb_data
                0x0000597a       0x8e src/range_algs.o
                0x0000597a                broadcast_rnb_data
 .text.pretty_angle
                0x00005a08       0x76 src/range_algs.o
                0x00005a08                pretty_angle
 .text.rad_to_deg
                0x00005a7e       0x1e src/range_algs.o
                0x00005a7e                rad_to_deg
 .text.sensor_model
                0x00005a9c       0xa0 src/range_algs.o
                0x00005a9c                sensor_model
 .text.emitter_model
                0x00005b3c       0xc0 src/range_algs.o
                0x00005b3c                emitter_model
 .text.inverse_amplitude_model
                0x00005bfc       0x72 src/range_algs.o
                0x00005bfc                inverse_amplitude_model
 .text.get_initial_range_guess
                0x00005c6e      0x348 src/range_algs.o
                0x00005c6e                get_initial_range_guess
 .text.range_estimate
                0x00005fb6      0x954 src/range_algs.o
                0x00005fb6                range_estimate
 .text.use_rnb_data
                0x0000690a      0x264 src/range_algs.o
                0x0000690a                use_rnb_data
 .text.rgb_led_init
                0x00006b6e       0x3c src/rgb_led.o
                0x00006b6e                rgb_led_init
 .text.led_off  0x00006baa       0x16 src/rgb_led.o
                0x00006baa                led_off
 .text.set_rgb  0x00006bc0       0x1c src/rgb_led.o
                0x00006bc0                set_rgb
 .text.hsv_to_rgb
                0x00006bdc      0x30e src/rgb_led.o
                0x00006bdc                hsv_to_rgb
 .text.set_hsv  0x00006eea       0x5c src/rgb_led.o
                0x00006eea                set_hsv
 .text.get_red_sensor
                0x00006f46       0x64 src/rgb_sensor.o
                0x00006f46                get_red_sensor
 .text.get_green_sensor
                0x00006faa       0x64 src/rgb_sensor.o
                0x00006faa                get_green_sensor
 .text.get_blue_sensor
                0x0000700e       0x64 src/rgb_sensor.o
                0x0000700e                get_blue_sensor
 .text.rgb_sensor_init
                0x00007072       0x92 src/rgb_sensor.o
                0x00007072                rgb_sensor_init
 .text.get_rgb  0x00007104       0x88 src/rgb_sensor.o
                0x00007104                get_rgb
 .text.Config32MHzClock
                0x0000718c       0x4e src/scheduler.o
                0x0000718c                Config32MHzClock
 .text.delay_ms
                0x000071da       0x4c src/scheduler.o
                0x000071da                delay_ms
 .text.scheduler_free
                0x00007226       0x64 src/scheduler.o
 .text.scheduler_init
                0x0000728a       0x8a src/scheduler.o
                0x0000728a                scheduler_init
 .text.remove_task
                0x00007314       0x9e src/scheduler.o
                0x00007314                remove_task
 .text.print_task_queue
                0x000073b2       0xc8 src/scheduler.o
                0x000073b2                print_task_queue
 .text.add_task_to_list
                0x0000747a      0x1e0 src/scheduler.o
                0x0000747a                add_task_to_list
 .text.task_list_cleanup
                0x0000765a      0x16e src/scheduler.o
                0x0000765a                task_list_cleanup
 .text.schedule_task
                0x000077c8      0x162 src/scheduler.o
                0x000077c8                schedule_task
 .text.schedule_periodic_task
                0x0000792a       0x4c src/scheduler.o
                0x0000792a                schedule_periodic_task
 .text.run_tasks
                0x00007976      0x354 src/scheduler.o
                0x00007976                run_tasks
 .text.__vector_11
                0x00007cca       0xe6 src/scheduler.o
                0x00007cca                __vector_11
 .text.__vector_10
                0x00007db0      0x156 src/scheduler.o
                0x00007db0                __vector_10
 .text.send_id  0x00007f06       0x5a src/serial_handler.o
                0x00007f06                send_id
 .text.handle_check_collisions
                0x00007f60       0x80 src/serial_handler.o
                0x00007f60                handle_check_collisions
 .text.handle_move_steps
                0x00007fe0       0x7c src/serial_handler.o
                0x00007fe0                handle_move_steps
 .text.handle_walk
                0x0000805c       0x4c src/serial_handler.o
                0x0000805c                handle_walk
 .text.handle_get_rgb
                0x000080a8       0x54 src/serial_handler.o
                0x000080a8                handle_get_rgb
 .text.handle_set_ir
                0x000080fc       0x3e src/serial_handler.o
                0x000080fc                handle_set_ir
 .text.handle_stop_walk
                0x0000813a        0xa src/serial_handler.o
                0x0000813a                handle_stop_walk
 .text.handle_set_motors
                0x00008144      0x194 src/serial_handler.o
                0x00008144                handle_set_motors
 .text.handle_adjust_motors
                0x000082d8      0x26c src/serial_handler.o
                0x000082d8                handle_adjust_motors
 .text.handle_set_mm_per_kilostep
                0x00008544       0x4c src/serial_handler.o
                0x00008544                handle_set_mm_per_kilostep
 .text.handle_rnb_broadcast
                0x00008590       0x16 src/serial_handler.o
                0x00008590                handle_rnb_broadcast
 .text.handle_set_led
                0x000085a6      0x16c src/serial_handler.o
                0x000085a6                handle_set_led
 .text.handle_broadcast_id
                0x00008712       0x16 src/serial_handler.o
                0x00008712                handle_broadcast_id
 .text.handle_get_id
                0x00008728       0x22 src/serial_handler.o
                0x00008728                handle_get_id
 .text.handle_cmd
                0x0000874a       0x5e src/serial_handler.o
                0x0000874a                handle_cmd
 .text.handle_targeted_cmd
                0x000087a8       0xbe src/serial_handler.o
                0x000087a8                handle_targeted_cmd
 .text.handle_shout
                0x00008866       0x5e src/serial_handler.o
                0x00008866                handle_shout
 .text.handle_msg_test
                0x000088c4       0x3c src/serial_handler.o
                0x000088c4                handle_msg_test
 .text.handle_target
                0x00008900       0x82 src/serial_handler.o
                0x00008900                handle_target
 .text.get_command_word_and_args
                0x00008982       0x8c src/serial_handler.o
                0x00008982                get_command_word_and_args
 .text.handle_serial_command
                0x00008a0e      0x2d6 src/serial_handler.o
                0x00008a0e                handle_serial_command
 .text.init     0x00008ce4        0x6 user_template.o
                0x00008ce4                init
 .text.loop     0x00008cea        0x2 user_template.o
                0x00008cea                loop
 .text.handle_msg
                0x00008cec        0x2 user_template.o
                0x00008cec                handle_msg
 .text.avr-libc.fplib
                0x00008cee        0xe c:/program files (x86)/atmel/studio/7.0/toolchain/avr8/avr8-gnu-toolchain/bin/../lib/gcc/avr/4.9.2/../../../../avr/lib/avrxmega6\libm.a(addsf3.o)
                0x00008cee                __subsf3
                0x00008cf0                __addsf3
 .text.avr-libc.fplib
                0x00008cfc       0xcc c:/program files (x86)/atmel/studio/7.0/toolchain/avr8/avr8-gnu-toolchain/bin/../lib/gcc/avr/4.9.2/../../../../avr/lib/avrxmega6\libm.a(addsf3x.o)
                0x00008d1e                __addsf3x
 .text.avr-libc.fplib
                0x00008dc8       0x86 c:/program files (x86)/atmel/studio/7.0/toolchain/avr8/avr8-gnu-toolchain/bin/../lib/gcc/avr/4.9.2/../../../../avr/lib/avrxmega6\libm.a(atan2.o)
                0x00008dee                atan2
 .text.avr-libc.fplib
                0x00008e4e       0x5e c:/program files (x86)/atmel/studio/7.0/toolchain/avr8/avr8-gnu-toolchain/bin/../lib/gcc/avr/4.9.2/../../../../avr/lib/avrxmega6\libm.a(atan.o)
                0x00008e4e                atan
 .text.avr-libc.fplib
                0x00008eac       0x2e c:/program files (x86)/atmel/studio/7.0/toolchain/avr8/avr8-gnu-toolchain/bin/../lib/gcc/avr/4.9.2/../../../../avr/lib/avrxmega6\libm.a(ceil.o)
                0x00008eac                ceil
 .text.avr-libc.fplib
                0x00008eda        0xa c:/program files (x86)/atmel/studio/7.0/toolchain/avr8/avr8-gnu-toolchain/bin/../lib/gcc/avr/4.9.2/../../../../avr/lib/avrxmega6\libm.a(cmpsf2.o)
                0x00008eda                __nesf2
                0x00008eda                __eqsf2
                0x00008eda                __cmpsf2
                0x00008eda                __ltsf2
                0x00008eda                __lesf2
 .text.avr-libc.fplib
                0x00008ee4        0xa c:/program files (x86)/atmel/studio/7.0/toolchain/avr8/avr8-gnu-toolchain/bin/../lib/gcc/avr/4.9.2/../../../../avr/lib/avrxmega6\libm.a(cos.o)
                0x00008ee4                cos
 .text.avr-libc.fplib
                0x00008eee        0x8 c:/program files (x86)/atmel/studio/7.0/toolchain/avr8/avr8-gnu-toolchain/bin/../lib/gcc/avr/4.9.2/../../../../avr/lib/avrxmega6\libm.a(divsf3.o)
                0x00008eee                __divsf3
 .text.avr-libc.fplib
                0x00008ef6       0xdc c:/program files (x86)/atmel/studio/7.0/toolchain/avr8/avr8-gnu-toolchain/bin/../lib/gcc/avr/4.9.2/../../../../avr/lib/avrxmega6\libm.a(divsf3x.o)
                0x00008f16                __divsf3x
                0x00008f1c                __divsf3_pse
 .text.avr-libc.fplib
                0x00008fd2        0xe c:/program files (x86)/atmel/studio/7.0/toolchain/avr8/avr8-gnu-toolchain/bin/../lib/gcc/avr/4.9.2/../../../../avr/lib/avrxmega6\libm.a(fixsfsi.o)
                0x00008fd2                __fixsfsi
 .text.avr-libc.fplib
                0x00008fe0       0x5e c:/program files (x86)/atmel/studio/7.0/toolchain/avr8/avr8-gnu-toolchain/bin/../lib/gcc/avr/4.9.2/../../../../avr/lib/avrxmega6\libm.a(fixunssfsi.o)
                0x00008fe0                __fixunssfsi
 .text.avr-libc.fplib
                0x0000903e       0x7a c:/program files (x86)/atmel/studio/7.0/toolchain/avr8/avr8-gnu-toolchain/bin/../lib/gcc/avr/4.9.2/../../../../avr/lib/avrxmega6\libm.a(floatsisf.o)
                0x0000903e                __floatunsisf
                0x00009042                __floatsisf
 .text.avr-libc.fplib
                0x000090b8       0xa8 c:/program files (x86)/atmel/studio/7.0/toolchain/avr8/avr8-gnu-toolchain/bin/../lib/gcc/avr/4.9.2/../../../../avr/lib/avrxmega6\libm.a(fmod.o)
                0x000090ce                fmod
 .text.avr-libc.fplib
                0x00009160       0x48 c:/program files (x86)/atmel/studio/7.0/toolchain/avr8/avr8-gnu-toolchain/bin/../lib/gcc/avr/4.9.2/../../../../avr/lib/avrxmega6\libm.a(fp_cmp.o)
                0x00009160                __fp_cmp
 .text.avr-libc.fplib
                0x000091a8        0xc c:/program files (x86)/atmel/studio/7.0/toolchain/avr8/avr8-gnu-toolchain/bin/../lib/gcc/avr/4.9.2/../../../../avr/lib/avrxmega6\libm.a(fp_inf.o)
                0x000091a8                __fp_inf
 .text.avr-libc.fplib
                0x000091b4       0x36 c:/program files (x86)/atmel/studio/7.0/toolchain/avr8/avr8-gnu-toolchain/bin/../lib/gcc/avr/4.9.2/../../../../avr/lib/avrxmega6\libm.a(fp_mintl.o)
                0x000091b4                __fp_mintl
 .text.avr-libc.fplib
                0x000091ea       0x1c c:/program files (x86)/atmel/studio/7.0/toolchain/avr8/avr8-gnu-toolchain/bin/../lib/gcc/avr/4.9.2/../../../../avr/lib/avrxmega6\libm.a(fp_mpack.o)
                0x000091ea                __fp_mpack
                0x000091ee                __fp_mpack_finite
 .text.avr-libc.fplib
                0x00009206        0x6 c:/program files (x86)/atmel/studio/7.0/toolchain/avr8/avr8-gnu-toolchain/bin/../lib/gcc/avr/4.9.2/../../../../avr/lib/avrxmega6\libm.a(fp_nan.o)
                0x00009206                __fp_nan
 .text.avr-libc.fplib
                0x0000920c       0x4e c:/program files (x86)/atmel/studio/7.0/toolchain/avr8/avr8-gnu-toolchain/bin/../lib/gcc/avr/4.9.2/../../../../avr/lib/avrxmega6\libm.a(fp_powser.o)
                0x0000920c                __fp_powser
 .text.avr-libc.fplib
                0x0000925a        0xe c:/program files (x86)/atmel/studio/7.0/toolchain/avr8/avr8-gnu-toolchain/bin/../lib/gcc/avr/4.9.2/../../../../avr/lib/avrxmega6\libm.a(fp_pscA.o)
                0x0000925a                __fp_pscA
 .text.avr-libc.fplib
                0x00009268        0xe c:/program files (x86)/atmel/studio/7.0/toolchain/avr8/avr8-gnu-toolchain/bin/../lib/gcc/avr/4.9.2/../../../../avr/lib/avrxmega6\libm.a(fp_pscB.o)
                0x00009268                __fp_pscB
 .text.avr-libc.fplib
                0x00009276       0x56 c:/program files (x86)/atmel/studio/7.0/toolchain/avr8/avr8-gnu-toolchain/bin/../lib/gcc/avr/4.9.2/../../../../avr/lib/avrxmega6\libm.a(fp_rempio2.o)
                0x0000927a                __fp_rempio2
 .text.avr-libc.fplib
                0x000092cc       0x22 c:/program files (x86)/atmel/studio/7.0/toolchain/avr8/avr8-gnu-toolchain/bin/../lib/gcc/avr/4.9.2/../../../../avr/lib/avrxmega6\libm.a(fp_round.o)
                0x000092cc                __fp_round
 .text.avr-libc.fplib
                0x000092ee       0x28 c:/program files (x86)/atmel/studio/7.0/toolchain/avr8/avr8-gnu-toolchain/bin/../lib/gcc/avr/4.9.2/../../../../avr/lib/avrxmega6\libm.a(fp_sinus.o)
                0x000092ee                __fp_sinus
 .text.avr-libc.fplib
                0x00009316       0x44 c:/program files (x86)/atmel/studio/7.0/toolchain/avr8/avr8-gnu-toolchain/bin/../lib/gcc/avr/4.9.2/../../../../avr/lib/avrxmega6\libm.a(fp_split3.o)
                0x00009316                __fp_split3
                0x00009326                __fp_splitA
 .text.avr-libc.fplib
                0x0000935a       0x30 c:/program files (x86)/atmel/studio/7.0/toolchain/avr8/avr8-gnu-toolchain/bin/../lib/gcc/avr/4.9.2/../../../../avr/lib/avrxmega6\libm.a(fp_trunc.o)
                0x0000935a                __fp_trunc
 .text.avr-libc.fplib
                0x0000938a        0xe c:/program files (x86)/atmel/studio/7.0/toolchain/avr8/avr8-gnu-toolchain/bin/../lib/gcc/avr/4.9.2/../../../../avr/lib/avrxmega6\libm.a(fp_zero.o)
                0x0000938a                __fp_zero
                0x0000938c                __fp_szero
 .text.avr-libc.fplib
                0x00009398        0xa c:/program files (x86)/atmel/studio/7.0/toolchain/avr8/avr8-gnu-toolchain/bin/../lib/gcc/avr/4.9.2/../../../../avr/lib/avrxmega6\libm.a(gesf2.o)
                0x00009398                __gesf2
                0x00009398                __gtsf2
 .text.avr-libc.fplib
                0x000093a2       0xda c:/program files (x86)/atmel/studio/7.0/toolchain/avr8/avr8-gnu-toolchain/bin/../lib/gcc/avr/4.9.2/../../../../avr/lib/avrxmega6\libm.a(hypot.o)
                0x000093be                hypot
 .text.avr-libc.fplib
                0x0000947c       0x10 c:/program files (x86)/atmel/studio/7.0/toolchain/avr8/avr8-gnu-toolchain/bin/../lib/gcc/avr/4.9.2/../../../../avr/lib/avrxmega6\libm.a(inverse.o)
                0x0000947c                inverse
 .text.avr-libc.fplib
                0x0000948c       0x74 c:/program files (x86)/atmel/studio/7.0/toolchain/avr8/avr8-gnu-toolchain/bin/../lib/gcc/avr/4.9.2/../../../../avr/lib/avrxmega6\libm.a(ldexp.o)
                0x00009494                ldexp
 .text.avr-libc.fplib
                0x00009500        0x8 c:/program files (x86)/atmel/studio/7.0/toolchain/avr8/avr8-gnu-toolchain/bin/../lib/gcc/avr/4.9.2/../../../../avr/lib/avrxmega6\libm.a(mulsf3.o)
                0x00009500                __mulsf3
 .text.avr-libc.fplib
                0x00009508       0xd2 c:/program files (x86)/atmel/studio/7.0/toolchain/avr8/avr8-gnu-toolchain/bin/../lib/gcc/avr/4.9.2/../../../../avr/lib/avrxmega6\libm.a(mulsf3x.o)
                0x00009526                __mulsf3x
                0x0000952c                __mulsf3_pse
 .text.avr-libc.fplib
                0x000095da       0xa0 c:/program files (x86)/atmel/studio/7.0/toolchain/avr8/avr8-gnu-toolchain/bin/../lib/gcc/avr/4.9.2/../../../../avr/lib/avrxmega6\libm.a(pow.o)
                0x000095da                pow
 .text.avr-libc.fplib
                0x0000967a       0x10 c:/program files (x86)/atmel/studio/7.0/toolchain/avr8/avr8-gnu-toolchain/bin/../lib/gcc/avr/4.9.2/../../../../avr/lib/avrxmega6\libm.a(sin.o)
                0x0000967a                sin
 .text.avr-libc.fplib
                0x0000968a       0x8c c:/program files (x86)/atmel/studio/7.0/toolchain/avr8/avr8-gnu-toolchain/bin/../lib/gcc/avr/4.9.2/../../../../avr/lib/avrxmega6\libm.a(sqrt.o)
                0x00009696                sqrtf
                0x00009696                sqrt
 .text.avr-libc.fplib
                0x00009716        0x8 c:/program files (x86)/atmel/studio/7.0/toolchain/avr8/avr8-gnu-toolchain/bin/../lib/gcc/avr/4.9.2/../../../../avr/lib/avrxmega6\libm.a(square.o)
                0x00009716                square
 .text.avr-libc.fplib
                0x0000971e        0xa c:/program files (x86)/atmel/studio/7.0/toolchain/avr8/avr8-gnu-toolchain/bin/../lib/gcc/avr/4.9.2/../../../../avr/lib/avrxmega6\libm.a(unordsf2.o)
                0x0000971e                __unordsf2
 .text.avr-libc.fplib
                0x00009728       0x74 c:/program files (x86)/atmel/studio/7.0/toolchain/avr8/avr8-gnu-toolchain/bin/../lib/gcc/avr/4.9.2/../../../../avr/lib/avrxmega6\libm.a(exp.o)
                0x00009738                exp
 .text.avr-libc.fplib
                0x0000979c        0xe c:/program files (x86)/atmel/studio/7.0/toolchain/avr8/avr8-gnu-toolchain/bin/../lib/gcc/avr/4.9.2/../../../../avr/lib/avrxmega6\libm.a(fp_norm2.o)
                0x0000979c                __fp_norm2
 .text.avr-libc.fplib
                0x000097aa       0x28 c:/program files (x86)/atmel/studio/7.0/toolchain/avr8/avr8-gnu-toolchain/bin/../lib/gcc/avr/4.9.2/../../../../avr/lib/avrxmega6\libm.a(fp_powsodd.o)
                0x000097aa                __fp_powsodd
 .text.avr-libc.fplib
                0x000097d2       0xa0 c:/program files (x86)/atmel/studio/7.0/toolchain/avr8/avr8-gnu-toolchain/bin/../lib/gcc/avr/4.9.2/../../../../avr/lib/avrxmega6\libm.a(log.o)
                0x000097e2                log
 .text.avr-libc.fplib
                0x00009872       0x68 c:/program files (x86)/atmel/studio/7.0/toolchain/avr8/avr8-gnu-toolchain/bin/../lib/gcc/avr/4.9.2/../../../../avr/lib/avrxmega6\libm.a(modf.o)
                0x00009872                modf
                0x00009872                modff
 .text.avr-libc
                0x000098da      0x73e c:/program files (x86)/atmel/studio/7.0/toolchain/avr8/avr8-gnu-toolchain/bin/../lib/gcc/avr/4.9.2/../../../../avr/lib/avrxmega6\libprintf_flt.a(vfprintf_flt.o)
                0x000098da                vfprintf
 .text.libgcc.div
                0x0000a018       0x28 c:/program files (x86)/atmel/studio/7.0/toolchain/avr8/avr8-gnu-toolchain/bin/../lib/gcc/avr/4.9.2/avrxmega6\libgcc.a(_udivmodhi4.o)
                0x0000a018                __udivmodhi4
 .text.libgcc.div
                0x0000a040       0x28 c:/program files (x86)/atmel/studio/7.0/toolchain/avr8/avr8-gnu-toolchain/bin/../lib/gcc/avr/4.9.2/avrxmega6\libgcc.a(_divmodhi4.o)
                0x0000a040                _div
                0x0000a040                __divmodhi4
 .text.libgcc.div
                0x0000a068       0x44 c:/program files (x86)/atmel/studio/7.0/toolchain/avr8/avr8-gnu-toolchain/bin/../lib/gcc/avr/4.9.2/avrxmega6\libgcc.a(_udivmodsi4.o)
                0x0000a068                __udivmodsi4
 .text.libgcc   0x0000a0ac       0x10 c:/program files (x86)/atmel/studio/7.0/toolchain/avr8/avr8-gnu-toolchain/bin/../lib/gcc/avr/4.9.2/avrxmega6\libgcc.a(_tablejump2.o)
                0x0000a0ac                __tablejump2__
 .text.libgcc.mul
                0x0000a0bc       0x10 c:/program files (x86)/atmel/studio/7.0/toolchain/avr8/avr8-gnu-toolchain/bin/../lib/gcc/avr/4.9.2/avrxmega6\libgcc.a(_mulhisi3.o)
                0x0000a0bc                __mulhisi3
 .text.libgcc.mul
                0x0000a0cc       0x1e c:/program files (x86)/atmel/studio/7.0/toolchain/avr8/avr8-gnu-toolchain/bin/../lib/gcc/avr/4.9.2/avrxmega6\libgcc.a(_umulhisi3.o)
                0x0000a0cc                __umulhisi3
 .text.libgcc.mul
                0x0000a0ea        0xe c:/program files (x86)/atmel/studio/7.0/toolchain/avr8/avr8-gnu-toolchain/bin/../lib/gcc/avr/4.9.2/avrxmega6\libgcc.a(_usmulhisi3.o)
                0x0000a0ea                __usmulhisi3
                0x0000a0ee                __usmulhisi3_tail
 .text.avr-libc
                0x0000a0f8      0x25a c:/program files (x86)/atmel/studio/7.0/toolchain/avr8/avr8-gnu-toolchain/bin/../lib/gcc/avr/4.9.2/../../../../avr/lib/avrxmega6\libc.a(malloc.o)
                0x0000a0f8                malloc
                0x0000a222                free
 .text.avr-libc
                0x0000a352      0x268 c:/program files (x86)/atmel/studio/7.0/toolchain/avr8/avr8-gnu-toolchain/bin/../lib/gcc/avr/4.9.2/../../../../avr/lib/avrxmega6\libc.a(strtoul.o)
                0x0000a352                strtoul
 .text.avr-libc
                0x0000a5ba       0x3c c:/program files (x86)/atmel/studio/7.0/toolchain/avr8/avr8-gnu-toolchain/bin/../lib/gcc/avr/4.9.2/../../../../avr/lib/avrxmega6\libc.a(atoi.o)
                0x0000a5ba                atoi
 .text.avr-libc
                0x0000a5f6      0x1b0 c:/program files (x86)/atmel/studio/7.0/toolchain/avr8/avr8-gnu-toolchain/bin/../lib/gcc/avr/4.9.2/../../../../avr/lib/avrxmega6\libc.a(ftoa_engine.o)
                0x0000a5f6                __ftoa_engine
 .text.avr-libc
                0x0000a7a6       0x12 c:/program files (x86)/atmel/studio/7.0/toolchain/avr8/avr8-gnu-toolchain/bin/../lib/gcc/avr/4.9.2/../../../../avr/lib/avrxmega6\libc.a(isspace.o)
                0x0000a7a6                isspace
 .text.avr-libc
                0x0000a7b8       0x12 c:/program files (x86)/atmel/studio/7.0/toolchain/avr8/avr8-gnu-toolchain/bin/../lib/gcc/avr/4.9.2/../../../../avr/lib/avrxmega6\libc.a(strcmp_P.o)
                0x0000a7b8                strcmp_P
 .text.avr-libc
                0x0000a7ca       0x16 c:/program files (x86)/atmel/studio/7.0/toolchain/avr8/avr8-gnu-toolchain/bin/../lib/gcc/avr/4.9.2/../../../../avr/lib/avrxmega6\libc.a(strnlen_P.o)
                0x0000a7ca                strnlen_P
 .text.avr-libc
                0x0000a7e0        0x8 c:/program files (x86)/atmel/studio/7.0/toolchain/avr8/avr8-gnu-toolchain/bin/../lib/gcc/avr/4.9.2/../../../../avr/lib/avrxmega6\libc.a(strtok.o)
                0x0000a7e0                strtok
 .text.avr-libc
                0x0000a7e8       0x12 c:/program files (x86)/atmel/studio/7.0/toolchain/avr8/avr8-gnu-toolchain/bin/../lib/gcc/avr/4.9.2/../../../../avr/lib/avrxmega6\libc.a(memcpy.o)
                0x0000a7e8                memcpy
 .text.avr-libc
                0x0000a7fa       0x12 c:/program files (x86)/atmel/studio/7.0/toolchain/avr8/avr8-gnu-toolchain/bin/../lib/gcc/avr/4.9.2/../../../../avr/lib/avrxmega6\libc.a(strcmp.o)
                0x0000a7fa                strcmp
 .text.avr-libc
                0x0000a80c        0xe c:/program files (x86)/atmel/studio/7.0/toolchain/avr8/avr8-gnu-toolchain/bin/../lib/gcc/avr/4.9.2/../../../../avr/lib/avrxmega6\libc.a(strcpy.o)
                0x0000a80c                strcpy
 .text.avr-libc
                0x0000a81a       0x1e c:/program files (x86)/atmel/studio/7.0/toolchain/avr8/avr8-gnu-toolchain/bin/../lib/gcc/avr/4.9.2/../../../../avr/lib/avrxmega6\libc.a(strcspn.o)
                0x0000a81a                strcspn
 .text.avr-libc
                0x0000a838       0x1e c:/program files (x86)/atmel/studio/7.0/toolchain/avr8/avr8-gnu-toolchain/bin/../lib/gcc/avr/4.9.2/../../../../avr/lib/avrxmega6\libc.a(strncpy.o)
                0x0000a838                strncpy
 .text.avr-libc
                0x0000a856       0x16 c:/program files (x86)/atmel/studio/7.0/toolchain/avr8/avr8-gnu-toolchain/bin/../lib/gcc/avr/4.9.2/../../../../avr/lib/avrxmega6\libc.a(strnlen.o)
                0x0000a856                strnlen
 .text.avr-libc
                0x0000a86c       0x4e c:/program files (x86)/atmel/studio/7.0/toolchain/avr8/avr8-gnu-toolchain/bin/../lib/gcc/avr/4.9.2/../../../../avr/lib/avrxmega6\libc.a(strtok_r.o)
                0x0000a86c                strtok_r
 .text.avr-libc
                0x0000a8ba       0x10 c:/program files (x86)/atmel/studio/7.0/toolchain/avr8/avr8-gnu-toolchain/bin/../lib/gcc/avr/4.9.2/../../../../avr/lib/avrxmega6\libc.a(mul10.o)
                0x0000a8ba                __mulhi_const_10
 .text.avr-libc
                0x0000a8ca       0x70 c:/program files (x86)/atmel/studio/7.0/toolchain/avr8/avr8-gnu-toolchain/bin/../lib/gcc/avr/4.9.2/../../../../avr/lib/avrxmega6\libc.a(fputc.o)
                0x0000a8ca                fputc
 .text.avr-libc
                0x0000a93a       0x28 c:/program files (x86)/atmel/studio/7.0/toolchain/avr8/avr8-gnu-toolchain/bin/../lib/gcc/avr/4.9.2/../../../../avr/lib/avrxmega6\libc.a(printf.o)
                0x0000a93a                printf
 .text.avr-libc
                0x0000a962       0x50 c:/program files (x86)/atmel/studio/7.0/toolchain/avr8/avr8-gnu-toolchain/bin/../lib/gcc/avr/4.9.2/../../../../avr/lib/avrxmega6\libc.a(printf_p.o)
                0x0000a962                printf_P
 .text.avr-libc
                0x0000a9b2        0xc c:/program files (x86)/atmel/studio/7.0/toolchain/avr8/avr8-gnu-toolchain/bin/../lib/gcc/avr/4.9.2/../../../../avr/lib/avrxmega6\libc.a(putchar.o)
                0x0000a9b2                putchar
 .text.avr-libc
                0x0000a9be       0x60 c:/program files (x86)/atmel/studio/7.0/toolchain/avr8/avr8-gnu-toolchain/bin/../lib/gcc/avr/4.9.2/../../../../avr/lib/avrxmega6\libc.a(puts.o)
                0x0000a9be                puts
 .text.avr-libc
                0x0000aa1e       0x54 c:/program files (x86)/atmel/studio/7.0/toolchain/avr8/avr8-gnu-toolchain/bin/../lib/gcc/avr/4.9.2/../../../../avr/lib/avrxmega6\libc.a(sprintf.o)
                0x0000aa1e                sprintf
 .text.avr-libc
                0x0000aa72       0xbc c:/program files (x86)/atmel/studio/7.0/toolchain/avr8/avr8-gnu-toolchain/bin/../lib/gcc/avr/4.9.2/../../../../avr/lib/avrxmega6\libc.a(ultoa_invert.o)
                0x0000aa72                __ultoa_invert
 .text.avr-libc
                0x0000ab2e        0x6 c:/program files (x86)/atmel/studio/7.0/toolchain/avr8/avr8-gnu-toolchain/bin/../lib/gcc/avr/4.9.2/../../../../avr/lib/avrxmega6\libc.a(cty_isfalse.o)
                0x0000ab2e                __ctype_isfalse
                0x0000ab32                __ctype_istrue
 .text.libgcc.mul
                0x0000ab34       0x20 c:/program files (x86)/atmel/studio/7.0/toolchain/avr8/avr8-gnu-toolchain/bin/../lib/gcc/avr/4.9.2/avrxmega6\libgcc.a(_mulsi3.o)
                0x0000ab34                __mulsi3
 .text.libgcc.mul
                0x0000ab54       0x16 c:/program files (x86)/atmel/studio/7.0/toolchain/avr8/avr8-gnu-toolchain/bin/../lib/gcc/avr/4.9.2/avrxmega6\libgcc.a(_muluhisi3.o)
                0x0000ab54                __muluhisi3
                0x0000ab6a                . = ALIGN (0x2)
 *(.fini9)
 .fini9         0x0000ab6a        0x0 c:/program files (x86)/atmel/studio/7.0/toolchain/avr8/avr8-gnu-toolchain/bin/../lib/gcc/avr/4.9.2/avrxmega6\libgcc.a(_exit.o)
                0x0000ab6a                _exit
                0x0000ab6a                exit
 *(.fini9)
 *(.fini8)
 *(.fini8)
 *(.fini7)
 *(.fini7)
 *(.fini6)
 *(.fini6)
 *(.fini5)
 *(.fini5)
 *(.fini4)
 *(.fini4)
 *(.fini3)
 *(.fini3)
 *(.fini2)
 *(.fini2)
 *(.fini1)
 *(.fini1)
 *(.fini0)
 .fini0         0x0000ab6a        0x4 c:/program files (x86)/atmel/studio/7.0/toolchain/avr8/avr8-gnu-toolchain/bin/../lib/gcc/avr/4.9.2/avrxmega6\libgcc.a(_exit.o)
 *(.fini0)
                0x0000ab6e                _etext = .

.data           0x00802000      0x3ae load address 0x0000ab6e
                0x00802000                PROVIDE (__data_start, .)
 *(.data)
 .data          0x00802000        0x6 c:/program files (x86)/atmel/studio/7.0/toolchain/avr8/avr8-gnu-toolchain/bin/../lib/gcc/avr/4.9.2/../../../../avr/lib/avrxmega6\libc.a(malloc.o)
                0x00802000                __malloc_heap_end
                0x00802002                __malloc_heap_start
                0x00802004                __malloc_margin
 *(.data*)
 .data.ir_carrier_bm
                0x00802006        0x6 src/ir_comm.o
                0x00802006                ir_carrier_bm
 .data.uart_ch  0x0080200c        0xc src/ir_led.o
                0x0080200c                uart_ch
 .data.tx_pins  0x00802018        0x6 src/ir_led.o
                0x00802018                tx_pins
 .data.carrier_wave_pins
                0x0080201e        0x6 src/ir_led.o
                0x0080201e                carrier_wave_pins
 .data.channel  0x00802024        0xc src/ir_led.o
                0x00802024                channel
 .data.mystdout
                0x00802030        0xe src/pc_comm.o
 .data.basis_angle
                0x0080203e       0x18 src/range_algs.o
                0x0080203e                basis_angle
 *(.rodata)
 .rodata        0x00802056       0x40 src/droplet_init.o
 *(.rodata*)
 .rodata.str1.1
                0x00802096       0x2c src/flash_api.o
 .rodata.str1.1
                0x008020c2       0x3d src/ir_comm.o
 .rodata.str1.1
                0x008020ff       0x14 src/ir_led.o
 .rodata.str1.1
                0x00802113       0x10 src/ir_sensor.o
                                 0x12 (size before relaxing)
 .rodata.mux_sensor_selectors
                0x00802123        0x6 src/ir_sensor.o
                0x00802123                mux_sensor_selectors
 .rodata.str1.1
                0x00802129       0x67 src/motor.o
                                 0x69 (size before relaxing)
 .rodata.str1.1
                0x00802190        0x4 src/pc_comm.o
                                  0x6 (size before relaxing)
 .rodata.str1.1
                0x00802194       0x32 src/power.o
 .rodata.str1.1
                0x008021c6       0xa6 src/range_algs.o
                                 0xac (size before relaxing)
 .rodata.headingBasis
                0x0080226c       0x30 src/range_algs.o
 .rodata.bearingBasis
                0x0080229c       0x30 src/range_algs.o
 .rodata.str1.1
                0x008022cc       0xbd src/scheduler.o
 .rodata.str1.1
                0x00802389       0x24 src/serial_handler.o
                                 0x28 (size before relaxing)
 *(.gnu.linkonce.d*)
                0x008023ae                . = ALIGN (0x2)
 *fill*         0x008023ad        0x1 
                0x008023ae                _edata = .
                0x008023ae                PROVIDE (__data_end, .)

.bss            0x008023ae      0x97e
                0x008023ae                PROVIDE (__bss_start, .)
 *(.bss)
 .bss           0x008023ae        0x2 c:/program files (x86)/atmel/studio/7.0/toolchain/avr8/avr8-gnu-toolchain/bin/../lib/gcc/avr/4.9.2/../../../../avr/lib/avrxmega6\libc.a(strtok.o)
 *(.bss*)
 .bss.droplet_ID
                0x008023b0        0x2 src/droplet_init.o
                0x008023b0                droplet_ID
 .bss.saved_usart_ctrlb_vals
                0x008023b2        0x6 src/ir_led.o
                0x008023b2                saved_usart_ctrlb_vals
 .bss.task_storage_arr
                0x008023b8       0x8c src/scheduler.o
 *(COMMON)
 COMMON         0x00802444      0x497 src/droplet_init.o
                0x00802444                ffsync_blink_b
                0x00802445                current_motor_task
                0x00802447                user_facing_messages_ovf
                0x00802448                rtc_epoch
                0x0080244a                escaped
                0x0080244b                rStep
                0x0080244f                ffsync_blink_dur
                0x00802451                cmd_arrival_dir
                0x00802452                serial_in_buffer
                0x00802492                prevSgnEdB
                0x00802496                prevSgnEdH
                0x0080249a                cmd_sender_dir
                0x0080249b                serial_in_index
                0x0080249d                sensorHealthHistory
                0x008024a1                motor_status
                0x008024a2                msg_node
                0x00802610                ffsync_blink_prev_b
                0x00802611                b_baseline
                0x00802613                cmd_sender_id
                0x00802615                prevSgnEdR
                0x00802619                ffsync_blink_r
                0x0080261a                bMinFlipCount
                0x0080261b                hMinFlipCount
                0x0080261c                num_waiting_msgs
                0x0080261d                ffsync_blink_prev_r
                0x0080261e                bStep
                0x00802622                num_tasks
                0x00802623                ffsync_blink_g
                0x00802624                motor_on_time
                0x00802626                g_baseline
                0x00802628                obsStart
                0x0080262a                twiMaster
                0x00802643                last_good_rnb
                0x00802655                ir_sense_baseline
                0x00802661                brightMeas
                0x008026a9                rnbProcessingFlag
                0x008026aa                rnb_updated
                0x008026ab                motor_off_time
                0x008026ad                calib_matrix
                0x008026d1                processing_ffsync
                0x008026d2                serial_data_out_buffer
                0x00802714                last_int_time
                0x00802718                r_baseline
                0x0080271a                hStep
                0x0080271e                min_collision_vals
                0x0080272a                leg_status_updated
                0x0080272b                rnbCmdSentTime
                0x0080272f                mm_per_kilostep
                0x0080273f                ir_rxtx
                0x00802895                task_executing
                0x00802896                escaped_arrow
                0x00802897                motor_adjusts
                0x008028c7                song_playing
                0x008028c8                leg_task
                0x008028ca                hp_ir_block_bm
                0x008028cb                processing_cmd
                0x008028cc                rnbCmdID
                0x008028ce                ffsync_blink_prev_g
                0x008028cf                cmd_arrival_time
                0x008028d3                task_list
                0x008028d5                ffsync_blink_phase_offset_ms
                0x008028d7                twi
                0x008028d9                curr_ir_power
 COMMON         0x008028db      0x400 src/flash_api.o
                0x008028db                WriteBuffer
                0x00802adb                ReadBuffer
 COMMON         0x00802cdb       0x43 src/ir_comm.o
                0x00802cdb                cmd_length
                0x00802cdd                next_byte
                0x00802cde                cmd_buffer
 COMMON         0x00802d1e        0x2 src/random.o
                0x00802d1e                r_round
                0x00802d1f                r_position
 COMMON         0x00802d20        0x4 c:/program files (x86)/atmel/studio/7.0/toolchain/avr8/avr8-gnu-toolchain/bin/../lib/gcc/avr/4.9.2/../../../../avr/lib/avrxmega6\libc.a(malloc.o)
                0x00802d20                __brkval
                0x00802d22                __flp
 COMMON         0x00802d24        0x6 c:/program files (x86)/atmel/studio/7.0/toolchain/avr8/avr8-gnu-toolchain/bin/../lib/gcc/avr/4.9.2/../../../../avr/lib/avrxmega6\libc.a(iob.o)
                0x00802d24                __iob
 COMMON         0x00802d2a        0x2 c:/program files (x86)/atmel/studio/7.0/toolchain/avr8/avr8-gnu-toolchain/bin/../lib/gcc/avr/4.9.2/../../../../avr/lib/avrxmega6\libc.a(errno.o)
                0x00802d2a                errno
                0x00802d2c                PROVIDE (__bss_end, .)
                0x0000ab6e                __data_load_start = LOADADDR (.data)
                0x0000af1c                __data_load_end = (__data_load_start + SIZEOF (.data))

.noinit         0x00802d2c        0x0
                [!provide]                PROVIDE (__noinit_start, .)
 *(.noinit*)
                [!provide]                PROVIDE (__noinit_end, .)
                0x00802d2c                _end = .
                0x00802d2c                PROVIDE (__heap_start, .)

.eeprom         0x00810000        0x0
 *(.eeprom*)
                0x00810000                __eeprom_end = .

.fuse
 *(.fuse)
 *(.lfuse)
 *(.hfuse)
 *(.efuse)

.lock
 *(.lock*)

.signature
 *(.signature*)

.user_signatures
 *(.user_signatures*)

.stab
 *(.stab)

.stabstr
 *(.stabstr)

.stab.excl
 *(.stab.excl)

.stab.exclstr
 *(.stab.exclstr)

.stab.index
 *(.stab.index)

.stab.indexstr
 *(.stab.indexstr)

.comment        0x00000000       0x5c
 *(.comment)
 .comment       0x00000000       0x30 src/droplet_init.o
                                 0x31 (size before relaxing)
 .comment       0x00000030       0x31 src/eeprom_driver.o
 .comment       0x00000030       0x31 src/firefly_sync.o
 .comment       0x00000030       0x31 src/flash_api.o
 .comment       0x00000030       0x31 src/i2c.o
 .comment       0x00000030       0x31 src/ir_comm.o
 .comment       0x00000030       0x31 src/ir_led.o
 .comment       0x00000030       0x31 src/ir_sensor.o
 .comment       0x00000030       0x31 src/motor.o
 .comment       0x00000030       0x31 src/pc_comm.o
 .comment       0x00000030       0x31 src/power.o
 .comment       0x00000030       0x31 src/random.o
 .comment       0x00000030       0x31 src/range_algs.o
 .comment       0x00000030       0x31 src/rgb_led.o
 .comment       0x00000030       0x31 src/rgb_sensor.o
 .comment       0x00000030       0x31 src/scheduler.o
 .comment       0x00000030       0x31 src/serial_handler.o
 .comment       0x00000030       0x31 user_template.o
 .comment       0x00000030       0x2c c:/program files (x86)/atmel/studio/7.0/toolchain/avr8/avr8-gnu-toolchain/bin/../lib/gcc/avr/4.9.2/../../../../avr/lib/avrxmega6\libprintf_flt.a(vfprintf_flt.o)
                                 0x2d (size before relaxing)
 .comment       0x0000005c       0x31 c:/program files (x86)/atmel/studio/7.0/toolchain/avr8/avr8-gnu-toolchain/bin/../lib/gcc/avr/4.9.2/../../../../avr/lib/avrxmega6\libc.a(malloc.o)
 .comment       0x0000005c       0x31 c:/program files (x86)/atmel/studio/7.0/toolchain/avr8/avr8-gnu-toolchain/bin/../lib/gcc/avr/4.9.2/../../../../avr/lib/avrxmega6\libc.a(strtoul.o)
 .comment       0x0000005c       0x31 c:/program files (x86)/atmel/studio/7.0/toolchain/avr8/avr8-gnu-toolchain/bin/../lib/gcc/avr/4.9.2/../../../../avr/lib/avrxmega6\libc.a(strtok.o)
 .comment       0x0000005c       0x31 c:/program files (x86)/atmel/studio/7.0/toolchain/avr8/avr8-gnu-toolchain/bin/../lib/gcc/avr/4.9.2/../../../../avr/lib/avrxmega6\libc.a(fputc.o)
 .comment       0x0000005c       0x31 c:/program files (x86)/atmel/studio/7.0/toolchain/avr8/avr8-gnu-toolchain/bin/../lib/gcc/avr/4.9.2/../../../../avr/lib/avrxmega6\libc.a(iob.o)
 .comment       0x0000005c       0x31 c:/program files (x86)/atmel/studio/7.0/toolchain/avr8/avr8-gnu-toolchain/bin/../lib/gcc/avr/4.9.2/../../../../avr/lib/avrxmega6\libc.a(printf.o)
 .comment       0x0000005c       0x31 c:/program files (x86)/atmel/studio/7.0/toolchain/avr8/avr8-gnu-toolchain/bin/../lib/gcc/avr/4.9.2/../../../../avr/lib/avrxmega6\libc.a(printf_p.o)
 .comment       0x0000005c       0x31 c:/program files (x86)/atmel/studio/7.0/toolchain/avr8/avr8-gnu-toolchain/bin/../lib/gcc/avr/4.9.2/../../../../avr/lib/avrxmega6\libc.a(putchar.o)
 .comment       0x0000005c       0x31 c:/program files (x86)/atmel/studio/7.0/toolchain/avr8/avr8-gnu-toolchain/bin/../lib/gcc/avr/4.9.2/../../../../avr/lib/avrxmega6\libc.a(puts.o)
 .comment       0x0000005c       0x31 c:/program files (x86)/atmel/studio/7.0/toolchain/avr8/avr8-gnu-toolchain/bin/../lib/gcc/avr/4.9.2/../../../../avr/lib/avrxmega6\libc.a(sprintf.o)
 .comment       0x0000005c       0x2d c:/program files (x86)/atmel/studio/7.0/toolchain/avr8/avr8-gnu-toolchain/bin/../lib/gcc/avr/4.9.2/../../../../avr/lib/avrxmega6\libc.a(errno.o)

.note.gnu.avr.deviceinfo
                0x00000000       0x40
 .note.gnu.avr.deviceinfo
                0x00000000       0x40 C:/Program Files (x86)/Atmel/Studio/7.0/Packs/atmel/XMEGAA_DFP/1.0.39/gcc/dev/atxmega128a3u/avrxmega6/crtatxmega128a3u.o

.note.gnu.build-id
 *(.note.gnu.build-id)

.debug
 *(.debug)

.line
 *(.line)

.debug_srcinfo
 *(.debug_srcinfo)

.debug_sfnames
 *(.debug_sfnames)

.debug_aranges  0x00000000      0x850
 *(.debug_aranges)
 .debug_aranges
                0x00000000       0x58 src/droplet_init.o
 .debug_aranges
                0x00000058       0x58 src/eeprom_driver.o
 .debug_aranges
                0x000000b0       0x78 src/firefly_sync.o
 .debug_aranges
                0x00000128       0x48 src/flash_api.o
 .debug_aranges
                0x00000170       0x80 src/i2c.o
 .debug_aranges
                0x000001f0      0x158 src/ir_comm.o
 .debug_aranges
                0x00000348       0x38 src/ir_led.o
 .debug_aranges
                0x00000380       0x48 src/ir_sensor.o
 .debug_aranges
                0x000003c8       0x78 src/motor.o
 .debug_aranges
                0x00000440       0x50 src/pc_comm.o
 .debug_aranges
                0x00000490       0x68 src/power.o
 .debug_aranges
                0x000004f8       0x38 src/random.o
 .debug_aranges
                0x00000530       0xd8 src/range_algs.o
 .debug_aranges
                0x00000608       0x40 src/rgb_led.o
 .debug_aranges
                0x00000648       0x48 src/rgb_sensor.o
 .debug_aranges
                0x00000690       0x80 src/scheduler.o
 .debug_aranges
                0x00000710       0x20 src/scheduler_asm.o
 .debug_aranges
                0x00000730       0xc8 src/serial_handler.o
 .debug_aranges
                0x000007f8       0x28 src/sp_driver.o
 .debug_aranges
                0x00000820       0x30 user_template.o

.debug_pubnames
 *(.debug_pubnames)

.debug_info     0x00000000    0x18b01
 *(.debug_info .gnu.linkonce.wi.*)
 .debug_info    0x00000000     0x1780 src/droplet_init.o
 .debug_info    0x00001780      0x5cb src/eeprom_driver.o
 .debug_info    0x00001d4b     0x2447 src/firefly_sync.o
 .debug_info    0x00004192      0x64f src/flash_api.o
 .debug_info    0x000047e1      0xaf8 src/i2c.o
 .debug_info    0x000052d9     0x3987 src/ir_comm.o
 .debug_info    0x00008c60      0xe00 src/ir_led.o
 .debug_info    0x00009a60     0x1ca5 src/ir_sensor.o
 .debug_info    0x0000b705     0x2129 src/motor.o
 .debug_info    0x0000d82e     0x1295 src/pc_comm.o
 .debug_info    0x0000eac3      0x8c9 src/power.o
 .debug_info    0x0000f38c      0x605 src/random.o
 .debug_info    0x0000f991     0x2bd6 src/range_algs.o
 .debug_info    0x00012567      0xafe src/rgb_led.o
 .debug_info    0x00013065     0x10a2 src/rgb_sensor.o
 .debug_info    0x00014107      0xefe src/scheduler.o
 .debug_info    0x00015005       0xbf src/scheduler_asm.o
 .debug_info    0x000150c4     0x2b5e src/serial_handler.o
 .debug_info    0x00017c22       0xb7 src/sp_driver.o
 .debug_info    0x00017cd9      0xe28 user_template.o

.debug_abbrev   0x00000000     0x3c95
 *(.debug_abbrev)
 .debug_abbrev  0x00000000      0x3bd src/droplet_init.o
 .debug_abbrev  0x000003bd      0x1e1 src/eeprom_driver.o
 .debug_abbrev  0x0000059e      0x421 src/firefly_sync.o
 .debug_abbrev  0x000009bf      0x1d1 src/flash_api.o
 .debug_abbrev  0x00000b90      0x2f1 src/i2c.o
 .debug_abbrev  0x00000e81      0x62d src/ir_comm.o
 .debug_abbrev  0x000014ae      0x245 src/ir_led.o
 .debug_abbrev  0x000016f3      0x42e src/ir_sensor.o
 .debug_abbrev  0x00001b21      0x433 src/motor.o
 .debug_abbrev  0x00001f54      0x302 src/pc_comm.o
 .debug_abbrev  0x00002256      0x317 src/power.o
 .debug_abbrev  0x0000256d      0x145 src/random.o
 .debug_abbrev  0x000026b2      0x57d src/range_algs.o
 .debug_abbrev  0x00002c2f      0x1eb src/rgb_led.o
 .debug_abbrev  0x00002e1a      0x357 src/rgb_sensor.o
 .debug_abbrev  0x00003171      0x4c6 src/scheduler.o
 .debug_abbrev  0x00003637       0x14 src/scheduler_asm.o
 .debug_abbrev  0x0000364b      0x434 src/serial_handler.o
 .debug_abbrev  0x00003a7f       0x12 src/sp_driver.o
 .debug_abbrev  0x00003a91      0x204 user_template.o

.debug_line     0x00000000     0x7e41
 *(.debug_line .debug_line.* .debug_line_end)
 .debug_line    0x00000000      0x85f src/droplet_init.o
 .debug_line    0x0000085f      0x38a src/eeprom_driver.o
 .debug_line    0x00000be9      0x65e src/firefly_sync.o
 .debug_line    0x00001247      0x277 src/flash_api.o
 .debug_line    0x000014be      0x46c src/i2c.o
 .debug_line    0x0000192a     0x148a src/ir_comm.o
 .debug_line    0x00002db4      0x3f8 src/ir_led.o
 .debug_line    0x000031ac      0x657 src/ir_sensor.o
 .debug_line    0x00003803      0x6a0 src/motor.o
 .debug_line    0x00003ea3      0x422 src/pc_comm.o
 .debug_line    0x000042c5      0x4bf src/power.o
 .debug_line    0x00004784      0x25a src/random.o
 .debug_line    0x000049de      0xff9 src/range_algs.o
 .debug_line    0x000059d7      0x321 src/rgb_led.o
 .debug_line    0x00005cf8      0x4a2 src/rgb_sensor.o
 .debug_line    0x0000619a      0xa94 src/scheduler.o
 .debug_line    0x00006c2e       0x9a src/scheduler_asm.o
 .debug_line    0x00006cc8      0xb41 src/serial_handler.o
 .debug_line    0x00007809      0x3df src/sp_driver.o
 .debug_line    0x00007be8      0x259 user_template.o

.debug_frame    0x00000000     0x2aa8
 *(.debug_frame)
 .debug_frame   0x00000000       0xe0 src/droplet_init.o
 .debug_frame   0x000000e0      0x140 src/eeprom_driver.o
 .debug_frame   0x00000220      0x248 src/firefly_sync.o
 .debug_frame   0x00000468       0xc4 src/flash_api.o
 .debug_frame   0x0000052c      0x14c src/i2c.o
 .debug_frame   0x00000678      0xad4 src/ir_comm.o
 .debug_frame   0x0000114c       0xac src/ir_led.o
 .debug_frame   0x000011f8      0x194 src/ir_sensor.o
 .debug_frame   0x0000138c      0x280 src/motor.o
 .debug_frame   0x0000160c       0xf8 src/pc_comm.o
 .debug_frame   0x00001704      0x16c src/power.o
 .debug_frame   0x00001870       0x70 src/random.o
 .debug_frame   0x000018e0      0x77c src/range_algs.o
 .debug_frame   0x0000205c       0xe8 src/rgb_led.o
 .debug_frame   0x00002144      0x11c src/rgb_sensor.o
 .debug_frame   0x00002260      0x440 src/scheduler.o
 .debug_frame   0x000026a0      0x3c4 src/serial_handler.o
 .debug_frame   0x00002a64       0x44 user_template.o

.debug_str      0x00000000     0x4df9
 *(.debug_str)
 .debug_str     0x00000000      0xe77 src/droplet_init.o
                                0xf85 (size before relaxing)
 .debug_str     0x00000e77      0x130 src/eeprom_driver.o
                                0x6e0 (size before relaxing)
 .debug_str     0x00000fa7     0x145c src/firefly_sync.o
                               0x1d9d (size before relaxing)
 .debug_str     0x00002403      0x161 src/flash_api.o
                                0x767 (size before relaxing)
 .debug_str     0x00002564      0x548 src/i2c.o
                                0x8db (size before relaxing)
 .debug_str     0x00002aac      0x751 src/ir_comm.o
                               0x1429 (size before relaxing)
 .debug_str     0x000031fd      0x113 src/ir_led.o
                                0x917 (size before relaxing)
 .debug_str     0x00003310      0x7ce src/ir_sensor.o
                               0x129e (size before relaxing)
 .debug_str     0x00003ade      0x162 src/motor.o
                               0x100d (size before relaxing)
 .debug_str     0x00003c40       0xfd src/pc_comm.o
                                0xbd4 (size before relaxing)
 .debug_str     0x00003d3d      0x36d src/power.o
                                0x7cf (size before relaxing)
 .debug_str     0x000040aa       0x79 src/random.o
                                0x3f8 (size before relaxing)
 .debug_str     0x00004123      0x45c src/range_algs.o
                                0xdef (size before relaxing)
 .debug_str     0x0000457f       0x8c src/rgb_led.o
                                0x7c2 (size before relaxing)
 .debug_str     0x0000460b      0x174 src/rgb_sensor.o
                                0xcf2 (size before relaxing)
 .debug_str     0x0000477f      0x380 src/scheduler.o
                                0x7ca (size before relaxing)
 .debug_str     0x00004aff      0x2bc src/serial_handler.o
                                0xf74 (size before relaxing)
 .debug_str     0x00004dbb       0x3e user_template.o
                                0x8d7 (size before relaxing)

.debug_loc      0x00000000     0xe075
 *(.debug_loc)
 .debug_loc     0x00000000     0x107a src/droplet_init.o
 .debug_loc     0x0000107a      0x524 src/eeprom_driver.o
 .debug_loc     0x0000159e      0x6f3 src/firefly_sync.o
 .debug_loc     0x00001c91      0x3a7 src/flash_api.o
 .debug_loc     0x00002038      0x4d8 src/i2c.o
 .debug_loc     0x00002510     0x3c27 src/ir_comm.o
 .debug_loc     0x00006137      0x2b4 src/ir_led.o
 .debug_loc     0x000063eb      0x9c6 src/ir_sensor.o
 .debug_loc     0x00006db1      0x9fe src/motor.o
 .debug_loc     0x000077af      0x24b src/pc_comm.o
 .debug_loc     0x000079fa      0x385 src/power.o
 .debug_loc     0x00007d7f      0x10a src/random.o
 .debug_loc     0x00007e89     0x2fd3 src/range_algs.o
 .debug_loc     0x0000ae5c      0xafa src/rgb_led.o
 .debug_loc     0x0000b956      0x428 src/rgb_sensor.o
 .debug_loc     0x0000bd7e     0x10be src/scheduler.o
 .debug_loc     0x0000ce3c     0x1239 src/serial_handler.o

.debug_macinfo
 *(.debug_macinfo)

.debug_weaknames
 *(.debug_weaknames)

.debug_funcnames
 *(.debug_funcnames)

.debug_typenames
 *(.debug_typenames)

.debug_varnames
 *(.debug_varnames)

.debug_pubtypes
 *(.debug_pubtypes)

.debug_ranges   0x00000000      0xc58
 *(.debug_ranges)
 .debug_ranges  0x00000000       0x68 src/droplet_init.o
 .debug_ranges  0x00000068       0x78 src/eeprom_driver.o
 .debug_ranges  0x000000e0       0x68 src/firefly_sync.o
 .debug_ranges  0x00000148       0x80 src/flash_api.o
 .debug_ranges  0x000001c8       0x70 src/i2c.o
 .debug_ranges  0x00000238      0x228 src/ir_comm.o
 .debug_ranges  0x00000460       0x28 src/ir_led.o
 .debug_ranges  0x00000488       0x80 src/ir_sensor.o
 .debug_ranges  0x00000508      0x108 src/motor.o
 .debug_ranges  0x00000610       0x40 src/pc_comm.o
 .debug_ranges  0x00000650       0x70 src/power.o
 .debug_ranges  0x000006c0       0x40 src/random.o
 .debug_ranges  0x00000700      0x218 src/range_algs.o
 .debug_ranges  0x00000918       0x30 src/rgb_led.o
 .debug_ranges  0x00000948       0x38 src/rgb_sensor.o
 .debug_ranges  0x00000980      0x180 src/scheduler.o
 .debug_ranges  0x00000b00      0x118 src/serial_handler.o
 .debug_ranges  0x00000c18       0x20 src/sp_driver.o
 .debug_ranges  0x00000c38       0x20 user_template.o

.debug_macro
 *(.debug_macro)
OUTPUT(FlashReadWrite.elf elf32-avr)
LOAD linker stubs

.BOOT           0x00020000       0xb8
 .BOOT          0x00020000       0x7e src/flash_api.o
                0x00020000                EraseAppTablePage
                0x0002001c                EraseWriteAppTablePage
                0x00020038                WriteAppTablePage
                0x00020054                LoadAppTableWord
                0x00020066                ReadFlashPage
 .BOOT          0x0002007e       0x3a src/sp_driver.o
                0x0002007e                SP_LoadFlashPage

.bootloader     0x00021e00        0x0
